// Jest Snapshot v1, https://goo.gl/fbAQLP

exports[`idin response should correctly parse and decrypt the status response 1`] = `
Object {
  "Acquirer": Object {
    "acquirerID": "0030",
  },
  "Transaction": Object {
    "Response": Object {
      "Attributes": Object {
        "NameID": "FANTASYBANK1234567890",
        "city": "Aachen",
        "country": "DE",
        "dateofbirth": "19750725",
        "gender": "1",
        "houseno": "19",
        "initials": "VJ",
        "legallastname": "Vries",
        "legallastnameprefix": "de",
        "partnerlastname": "Jansen",
        "partnerlastnameprefix": "de",
        "postalcode": "0000AA",
        "preferredlastname": "Vries-Jansen",
        "preferredlastnameprefix": "de",
        "street": "Pascalstreet",
      },
      "EntranceCode": "BLQsuccesHIO100OIHtest",
      "IssuerID": "BANKNL2Y",
      "StatusCode": "Success",
      "TransactionID": "RES-0030000020097259",
    },
    "status": "Success",
    "statusDateTimestamp": "2017-10-26T17:17:58.090Z",
    "transactionID": "0030000020097259",
  },
  "createDateTimestamp": "2017-10-26T17:17:58.244Z",
}
`;

exports[`idin response should correctly parse the directory response 1`] = `
Object {
  "Acquirer": Object {
    "acquirerID": "0030",
  },
  "Directory": Object {
    "Country": Object {
      "Issuer": Array [
        Object {
          "issuerID": "BANKNL2U",
          "issuerName": "eTT ValidationService",
        },
        Object {
          "issuerID": "HKVSNL2A",
          "issuerName": "HKSVNL2A",
        },
        Object {
          "issuerID": "BANKNL2Y",
          "issuerName": "WL Issuer SIM iDIN ABN INT",
        },
      ],
      "countryNames": "Nederland",
    },
    "directoryDateTimestamp": "2016-10-12T06:37:46.000Z",
  },
  "createDateTimestamp": "2017-10-25T11:54:15.603Z",
}
`;

exports[`idin response should correctly parse the transaction response 1`] = `
Object {
  "Acquirer": Object {
    "acquirerID": "0030",
  },
  "Issuer": Object {
    "issuerAuthenticationURL": "https://abnamro-test.bank-request.com/bvn-idx-bankid-rs/consumerAuthenticationSim?hash=%2FZ0i5s5diBp8HS3Lwq72I6ns4TVSnxfzLzfZrEXoMCw%3D",
  },
  "Transaction": Object {
    "transactionCreateDateTimestamp": "2017-10-25T12:03:58.983Z",
    "transactionID": "0030000020094512",
  },
  "createDateTimestamp": "2017-10-25T12:03:58.983Z",
}
`;
